******************************************************************************
                  TI ARM Linker PC v20.2.5                     
******************************************************************************
>> Linked Thu Sep 30 17:51:55 2021

OUTPUT FILE NAME:   <Lab_2_2.out>
ENTRY POINT SYMBOL: "_c_int00_noargs"  address: 000005c9


MEMORY CONFIGURATION

         name            origin    length      used     unused   attr    fill
----------------------  --------  ---------  --------  --------  ----  --------
  MAIN                  00000000   00040000  0000066c  0003f994  R  X
  INFO                  00200000   00004000  00000000  00004000  R  X
  SRAM_CODE             01000000   00010000  0000020a  0000fdf6  RW X
  SRAM_DATA             20000000   00010000  0000020a  0000fdf6  RW  


SEGMENT ALLOCATION MAP

run origin  load origin   length   init length attrs members
----------  ----------- ---------- ----------- ----- -------
00000000    00000000    00000670   00000670    r-x
  00000000    00000000    000000e4   000000e4    r-- .intvecs
  000000e4    000000e4    00000558   00000558    r-x .text
  00000640    00000640    00000030   00000030    r-- .cinit
20000000    20000000    0000000c   00000000    rw-
  20000000    20000000    00000006   00000000    rw- .data
  20000008    20000008    00000004   00000000    rw- .bss
2000fe00    2000fe00    00000200   00000000    rw-
  2000fe00    2000fe00    00000200   00000000    rw- .stack


SECTION ALLOCATION MAP

 output                                  attributes/
section   page    origin      length       input sections
--------  ----  ----------  ----------   ----------------
.intvecs   0    00000000    000000e4     
                  00000000    000000e4     startup_msp432p401r_ccs.obj (.intvecs:retain)

.text      0    000000e4    00000558     
                  000000e4    000001e0     system_msp432p401r.obj (.text)
                  000002c4    000001bc     main.obj (.text)
                  00000480    0000009c     rtsv7M4_T_le_v4SPD16_eabi.lib : memcpy_t2.asm.obj (.text)
                  0000051c    00000068                                   : copy_decompress_lzss.c.obj (.text:decompress:lzss:__TI_decompress_lzss)
                  00000584    00000044                                   : autoinit.c.obj (.text:__TI_auto_init_nobinit_nopinit:__TI_auto_init_nobinit_nopinit)
                  000005c8    00000034                                   : boot_cortex_m.c.obj (.text:_c_int00_noargs:_c_int00_noargs)
                  000005fc    0000001c                                   : copy_zero_init.c.obj (.text:decompress:ZI:__TI_zero_init_nomemset:__TI_zero_init_nomemset)
                  00000618    0000000e                                   : copy_decompress_none.c.obj (.text:decompress:none:__TI_decompress_none)
                  00000626    0000000e     startup_msp432p401r_ccs.obj (.text)
                  00000634    00000004     rtsv7M4_T_le_v4SPD16_eabi.lib : pre_init.c.obj (.text:_system_pre_init)
                  00000638    00000004                                   : exit.c.obj (.text:abort:abort)

.cinit     0    00000640    00000030     
                  00000640    0000000c     (__TI_handler_table)
                  0000064c    0000000a     (.cinit..data.load) [load image, compression = lzss]
                  00000656    00000002     --HOLE-- [fill = 0]
                  00000658    00000008     (.cinit..bss.load) [load image, compression = zero_init]
                  00000660    00000010     (__TI_cinit_table)

.init_array 
*          0    00000000    00000000     UNINITIALIZED

.binit     0    00000000    00000000     

.data      0    20000000    00000006     UNINITIALIZED
                  20000000    00000004     system_msp432p401r.obj (.data)
                  20000004    00000002     main.obj (.data)

.bss       0    20000008    00000004     UNINITIALIZED
                  20000008    00000004     (.common:LED_count)

.stack     0    2000fe00    00000200     UNINITIALIZED
                  2000fe00    00000004     rtsv7M4_T_le_v4SPD16_eabi.lib : boot_cortex_m.c.obj (.stack)
                  2000fe04    000001fc     --HOLE--

__llvm_prf_cnts 
*          0    20000000    00000000     UNINITIALIZED

MODULE SUMMARY

       Module                        code   ro data   rw data
       ------                        ----   -------   -------
    .\
       system_msp432p401r.obj        480    0         8      
       main.obj                      444    0         12     
       startup_msp432p401r_ccs.obj   14     228       0      
    +--+-----------------------------+------+---------+---------+
       Total:                        938    228       20     
                                                             
    C:\ti\ccs1040\ccs\tools\compiler\ti-cgt-arm_20.2.5.LTS\lib\rtsv7M4_T_le_v4SPD16_eabi.lib
       memcpy_t2.asm.obj             156    0         0      
       copy_decompress_lzss.c.obj    104    0         0      
       autoinit.c.obj                68     0         0      
       boot_cortex_m.c.obj           52     0         0      
       copy_zero_init.c.obj          28     0         0      
       copy_decompress_none.c.obj    14     0         0      
       exit.c.obj                    4      0         0      
       pre_init.c.obj                4      0         0      
    +--+-----------------------------+------+---------+---------+
       Total:                        430    0         0      
                                                             
       Stack:                        0      0         1024   
       Linker Generated:             0      46        0      
    +--+-----------------------------+------+---------+---------+
       Grand Total:                  1368   274       1044   


LINKER GENERATED COPY TABLES

__TI_cinit_table @ 00000660 records: 2, size/record: 8, table size: 16
	.data: load addr=0000064c, load size=0000000a bytes, run addr=20000000, run size=00000006 bytes, compression=lzss
	.bss: load addr=00000658, load size=00000008 bytes, run addr=20000008, run size=00000004 bytes, compression=zero_init


LINKER GENERATED HANDLER TABLE

__TI_handler_table @ 00000640 records: 3, size/record: 4, table size: 12
	index: 0, handler: __TI_decompress_lzss
	index: 1, handler: __TI_decompress_none
	index: 2, handler: __TI_zero_init


GLOBAL SYMBOLS: SORTED ALPHABETICALLY BY Name 

address   name                          
-------   ----                          
00000633  ADC14_IRQHandler              
00000633  AES256_IRQHandler             
00000633  BusFault_Handler              
00000639  C$$EXIT                       
00000633  COMP_E0_IRQHandler            
00000633  COMP_E1_IRQHandler            
00000633  CS_IRQHandler                 
00000633  DMA_ERR_IRQHandler            
00000633  DMA_INT0_IRQHandler           
00000633  DMA_INT1_IRQHandler           
00000633  DMA_INT2_IRQHandler           
00000633  DMA_INT3_IRQHandler           
00000633  DebugMon_Handler              
00000633  Default_Handler               
00000633  EUSCIA0_IRQHandler            
00000633  EUSCIA1_IRQHandler            
00000633  EUSCIA2_IRQHandler            
00000633  EUSCIA3_IRQHandler            
00000633  EUSCIB0_IRQHandler            
00000633  EUSCIB1_IRQHandler            
00000633  EUSCIB2_IRQHandler            
00000633  EUSCIB3_IRQHandler            
00000633  FLCTL_IRQHandler              
00000633  FPU_IRQHandler                
00000633  HardFault_Handler             
20000008  LED_count                     
00000633  MemManage_Handler             
00000633  NMI_Handler                   
00000633  PCM_IRQHandler                
00000417  PORT1_IRQHandler              
00000417  PORT1_IRQHandler              
00000633  PORT2_IRQHandler              
00000633  PORT3_IRQHandler              
00000633  PORT4_IRQHandler              
00000633  PORT5_IRQHandler              
00000633  PORT6_IRQHandler              
00000633  PSS_IRQHandler                
00000633  PendSV_Handler                
00000633  RTC_C_IRQHandler              
00000627  Reset_Handler                 
00000633  SVC_Handler                   
00000633  SysTick_Handler               
20000000  SystemCoreClock               
0000013b  SystemCoreClockUpdate         
000000e5  SystemInit                    
00000633  T32_INT1_IRQHandler           
00000633  T32_INT2_IRQHandler           
00000633  T32_INTC_IRQHandler           
000003d5  TA0_0_IRQHandler              
000003d5  TA0_0_IRQHandler              
00000633  TA0_N_IRQHandler              
00000633  TA1_0_IRQHandler              
00000633  TA1_N_IRQHandler              
00000633  TA2_0_IRQHandler              
00000633  TA2_N_IRQHandler              
00000633  TA3_0_IRQHandler              
00000633  TA3_N_IRQHandler              
00000633  UsageFault_Handler            
4000480c  WDTCTL_SYM                    
00000633  WDT_A_IRQHandler              
20010000  __STACK_END                   
00000200  __STACK_SIZE                  
00000660  __TI_CINIT_Base               
00000670  __TI_CINIT_Limit              
00000640  __TI_Handler_Table_Base       
0000064c  __TI_Handler_Table_Limit      
00000585  __TI_auto_init_nobinit_nopinit
0000051d  __TI_decompress_lzss          
00000619  __TI_decompress_none          
ffffffff  __TI_pprof_out_hndl           
ffffffff  __TI_prof_data_size           
ffffffff  __TI_prof_data_start          
00000000  __TI_static_base__            
000005fd  __TI_zero_init_nomemset       
00000481  __aeabi_memcpy                
00000481  __aeabi_memcpy4               
00000481  __aeabi_memcpy8               
ffffffff  __binit__                     
ffffffff  __c_args__                    
UNDEFED   __mpu_init                    
2000fe00  __stack                       
20000000  __start___llvm_prf_cnts       
20000000  __stop___llvm_prf_cnts        
000005c9  _c_int00_noargs               
UNDEFED   _system_post_cinit            
00000635  _system_pre_init              
00000639  abort                         
ffffffff  binit                         
00000000  interruptVectors              
000002c5  main                          
00000481  memcpy                        


GLOBAL SYMBOLS: SORTED BY Symbol Address 

address   name                          
-------   ----                          
00000000  __TI_static_base__            
00000000  interruptVectors              
000000e5  SystemInit                    
0000013b  SystemCoreClockUpdate         
00000200  __STACK_SIZE                  
000002c5  main                          
000003d5  TA0_0_IRQHandler              
000003d5  TA0_0_IRQHandler              
00000417  PORT1_IRQHandler              
00000417  PORT1_IRQHandler              
00000481  __aeabi_memcpy                
00000481  __aeabi_memcpy4               
00000481  __aeabi_memcpy8               
00000481  memcpy                        
0000051d  __TI_decompress_lzss          
00000585  __TI_auto_init_nobinit_nopinit
000005c9  _c_int00_noargs               
000005fd  __TI_zero_init_nomemset       
00000619  __TI_decompress_none          
00000627  Reset_Handler                 
00000633  ADC14_IRQHandler              
00000633  AES256_IRQHandler             
00000633  BusFault_Handler              
00000633  COMP_E0_IRQHandler            
00000633  COMP_E1_IRQHandler            
00000633  CS_IRQHandler                 
00000633  DMA_ERR_IRQHandler            
00000633  DMA_INT0_IRQHandler           
00000633  DMA_INT1_IRQHandler           
00000633  DMA_INT2_IRQHandler           
00000633  DMA_INT3_IRQHandler           
00000633  DebugMon_Handler              
00000633  Default_Handler               
00000633  EUSCIA0_IRQHandler            
00000633  EUSCIA1_IRQHandler            
00000633  EUSCIA2_IRQHandler            
00000633  EUSCIA3_IRQHandler            
00000633  EUSCIB0_IRQHandler            
00000633  EUSCIB1_IRQHandler            
00000633  EUSCIB2_IRQHandler            
00000633  EUSCIB3_IRQHandler            
00000633  FLCTL_IRQHandler              
00000633  FPU_IRQHandler                
00000633  HardFault_Handler             
00000633  MemManage_Handler             
00000633  NMI_Handler                   
00000633  PCM_IRQHandler                
00000633  PORT2_IRQHandler              
00000633  PORT3_IRQHandler              
00000633  PORT4_IRQHandler              
00000633  PORT5_IRQHandler              
00000633  PORT6_IRQHandler              
00000633  PSS_IRQHandler                
00000633  PendSV_Handler                
00000633  RTC_C_IRQHandler              
00000633  SVC_Handler                   
00000633  SysTick_Handler               
00000633  T32_INT1_IRQHandler           
00000633  T32_INT2_IRQHandler           
00000633  T32_INTC_IRQHandler           
00000633  TA0_N_IRQHandler              
00000633  TA1_0_IRQHandler              
00000633  TA1_N_IRQHandler              
00000633  TA2_0_IRQHandler              
00000633  TA2_N_IRQHandler              
00000633  TA3_0_IRQHandler              
00000633  TA3_N_IRQHandler              
00000633  UsageFault_Handler            
00000633  WDT_A_IRQHandler              
00000635  _system_pre_init              
00000639  C$$EXIT                       
00000639  abort                         
00000640  __TI_Handler_Table_Base       
0000064c  __TI_Handler_Table_Limit      
00000660  __TI_CINIT_Base               
00000670  __TI_CINIT_Limit              
20000000  SystemCoreClock               
20000000  __start___llvm_prf_cnts       
20000000  __stop___llvm_prf_cnts        
20000008  LED_count                     
2000fe00  __stack                       
20010000  __STACK_END                   
4000480c  WDTCTL_SYM                    
ffffffff  __TI_pprof_out_hndl           
ffffffff  __TI_prof_data_size           
ffffffff  __TI_prof_data_start          
ffffffff  __binit__                     
ffffffff  __c_args__                    
ffffffff  binit                         
UNDEFED   __mpu_init                    
UNDEFED   _system_post_cinit            

[91 symbols]
